2025-12-10T12:24:54.1427235Z Current runner version: '2.329.0'
2025-12-10T12:24:54.1453441Z ##[group]Runner Image Provisioner
2025-12-10T12:24:54.1454290Z Hosted Compute Agent
2025-12-10T12:24:54.1454817Z Version: 20251124.448
2025-12-10T12:24:54.1455505Z Commit: fda5086b43ec66ade217e5fcd18146c879571177
2025-12-10T12:24:54.1456178Z Build Date: 2025-11-24T21:16:26Z
2025-12-10T12:24:54.1456777Z ##[endgroup]
2025-12-10T12:24:54.1457296Z ##[group]Operating System
2025-12-10T12:24:54.1457939Z Ubuntu
2025-12-10T12:24:54.1458435Z 24.04.3
2025-12-10T12:24:54.1458857Z LTS
2025-12-10T12:24:54.1459385Z ##[endgroup]
2025-12-10T12:24:54.1459844Z ##[group]Runner Image
2025-12-10T12:24:54.1460400Z Image: ubuntu-24.04
2025-12-10T12:24:54.1460939Z Version: 20251126.144.1
2025-12-10T12:24:54.1461954Z Included Software: https://github.com/actions/runner-images/blob/ubuntu24/20251126.144/images/ubuntu/Ubuntu2404-Readme.md
2025-12-10T12:24:54.1463875Z Image Release: https://github.com/actions/runner-images/releases/tag/ubuntu24%2F20251126.144
2025-12-10T12:24:54.1464873Z ##[endgroup]
2025-12-10T12:24:54.1466097Z ##[group]GITHUB_TOKEN Permissions
2025-12-10T12:24:54.1468218Z Actions: write
2025-12-10T12:24:54.1468779Z Contents: write
2025-12-10T12:24:54.1469294Z Metadata: read
2025-12-10T12:24:54.1469774Z Packages: write
2025-12-10T12:24:54.1470259Z ##[endgroup]
2025-12-10T12:24:54.1472350Z Secret source: Actions
2025-12-10T12:24:54.1473318Z Prepare workflow directory
2025-12-10T12:24:54.1793687Z Prepare all required actions
2025-12-10T12:24:54.1831256Z Getting action download info
2025-12-10T12:24:54.5792603Z Download action repository 'actions/checkout@v4' (SHA:34e114876b0b11c390a56381ad16ebd13914f8d5)
2025-12-10T12:24:54.9038996Z Download action repository 'docker/setup-buildx-action@v3' (SHA:e468171a9de216ec08956ac3ada2f0791b6bd435)
2025-12-10T12:24:55.2400495Z Download action repository 'docker/login-action@v3' (SHA:5e57cd118135c172c3672efd75eb46360885c0ef)
2025-12-10T12:24:55.6155349Z Download action repository 'docker/metadata-action@v5' (SHA:c299e40c65443455700f0fdfc63efafe5b349051)
2025-12-10T12:24:55.9784962Z Download action repository 'docker/build-push-action@v5' (SHA:ca052bb54ab0790a636c9b5f226502c73d547a25)
2025-12-10T12:24:56.2904585Z Download action repository 'actions/upload-artifact@v4' (SHA:ea165f8d65b6e75b540449e92b4886f43607fa02)
2025-12-10T12:24:56.5226343Z Complete job name: build (linux/amd64, ubuntu-latest)
2025-12-10T12:24:56.5972172Z ##[group]Run echo "PLATFORM_NAME=linux/amd64" | sed 's|/|-|g' >> $GITHUB_ENV
2025-12-10T12:24:56.5974267Z [36;1mecho "PLATFORM_NAME=linux/amd64" | sed 's|/|-|g' >> $GITHUB_ENV[0m
2025-12-10T12:24:56.6012930Z shell: /usr/bin/bash -e {0}
2025-12-10T12:24:56.6014422Z ##[endgroup]
2025-12-10T12:24:56.6374732Z ##[group]Run actions/checkout@v4
2025-12-10T12:24:56.6375800Z with:
2025-12-10T12:24:56.6376516Z   fetch-depth: 2
2025-12-10T12:24:56.6377319Z   repository: dsybot/DaoTV
2025-12-10T12:24:56.6378467Z   token: ***
2025-12-10T12:24:56.6379193Z   ssh-strict: true
2025-12-10T12:24:56.6379940Z   ssh-user: git
2025-12-10T12:24:56.6380735Z   persist-credentials: true
2025-12-10T12:24:56.6381590Z   clean: true
2025-12-10T12:24:56.6382365Z   sparse-checkout-cone-mode: true
2025-12-10T12:24:56.6383427Z   fetch-tags: false
2025-12-10T12:24:56.6384198Z   show-progress: true
2025-12-10T12:24:56.6384959Z   lfs: false
2025-12-10T12:24:56.6385667Z   submodules: false
2025-12-10T12:24:56.6386438Z   set-safe-directory: true
2025-12-10T12:24:56.6387265Z env:
2025-12-10T12:24:56.6387955Z   PLATFORM_NAME: linux-amd64
2025-12-10T12:24:56.6388810Z ##[endgroup]
2025-12-10T12:24:56.7455904Z Syncing repository: dsybot/DaoTV
2025-12-10T12:24:56.7458631Z ##[group]Getting Git version info
2025-12-10T12:24:56.7460275Z Working directory is '/home/runner/work/DaoTV/DaoTV'
2025-12-10T12:24:56.7462148Z [command]/usr/bin/git version
2025-12-10T12:24:56.7572624Z git version 2.52.0
2025-12-10T12:24:56.7601062Z ##[endgroup]
2025-12-10T12:24:56.7626951Z Temporarily overriding HOME='/home/runner/work/_temp/bc1ee9fa-b31b-4192-a75c-3e995228a73c' before making global git config changes
2025-12-10T12:24:56.7632360Z Adding repository directory to the temporary git global config as a safe directory
2025-12-10T12:24:56.7636183Z [command]/usr/bin/git config --global --add safe.directory /home/runner/work/DaoTV/DaoTV
2025-12-10T12:24:56.7678892Z Deleting the contents of '/home/runner/work/DaoTV/DaoTV'
2025-12-10T12:24:56.7682729Z ##[group]Initializing the repository
2025-12-10T12:24:56.7688063Z [command]/usr/bin/git init /home/runner/work/DaoTV/DaoTV
2025-12-10T12:24:56.7808715Z hint: Using 'master' as the name for the initial branch. This default branch name
2025-12-10T12:24:56.7811145Z hint: will change to "main" in Git 3.0. To configure the initial branch name
2025-12-10T12:24:56.7814362Z hint: to use in all of your new repositories, which will suppress this warning,
2025-12-10T12:24:56.7816848Z hint: call:
2025-12-10T12:24:56.7817615Z hint:
2025-12-10T12:24:56.7818610Z hint: 	git config --global init.defaultBranch <name>
2025-12-10T12:24:56.7819923Z hint:
2025-12-10T12:24:56.7821561Z hint: Names commonly chosen instead of 'master' are 'main', 'trunk' and
2025-12-10T12:24:56.7823542Z hint: 'development'. The just-created branch can be renamed via this command:
2025-12-10T12:24:56.7825052Z hint:
2025-12-10T12:24:56.7826028Z hint: 	git branch -m <name>
2025-12-10T12:24:56.7827185Z hint:
2025-12-10T12:24:56.7828474Z hint: Disable this message with "git config set advice.defaultBranchName false"
2025-12-10T12:24:56.7830341Z Initialized empty Git repository in /home/runner/work/DaoTV/DaoTV/.git/
2025-12-10T12:24:56.7833637Z [command]/usr/bin/git remote add origin https://github.com/dsybot/DaoTV
2025-12-10T12:24:56.7867535Z ##[endgroup]
2025-12-10T12:24:56.7869225Z ##[group]Disabling automatic garbage collection
2025-12-10T12:24:56.7870926Z [command]/usr/bin/git config --local gc.auto 0
2025-12-10T12:24:56.7910017Z ##[endgroup]
2025-12-10T12:24:56.7912367Z ##[group]Setting up auth
2025-12-10T12:24:56.7914786Z [command]/usr/bin/git config --local --name-only --get-regexp core\.sshCommand
2025-12-10T12:24:56.7942864Z [command]/usr/bin/git submodule foreach --recursive sh -c "git config --local --name-only --get-regexp 'core\.sshCommand' && git config --local --unset-all 'core.sshCommand' || :"
2025-12-10T12:24:56.8300491Z [command]/usr/bin/git config --local --name-only --get-regexp http\.https\:\/\/github\.com\/\.extraheader
2025-12-10T12:24:56.8329063Z [command]/usr/bin/git submodule foreach --recursive sh -c "git config --local --name-only --get-regexp 'http\.https\:\/\/github\.com\/\.extraheader' && git config --local --unset-all 'http.https://github.com/.extraheader' || :"
2025-12-10T12:24:56.8545559Z [command]/usr/bin/git config --local --name-only --get-regexp ^includeIf\.gitdir:
2025-12-10T12:24:56.8578063Z [command]/usr/bin/git submodule foreach --recursive git config --local --show-origin --name-only --get-regexp remote.origin.url
2025-12-10T12:24:56.8801448Z [command]/usr/bin/git config --local http.https://github.com/.extraheader AUTHORIZATION: basic ***
2025-12-10T12:24:56.8835684Z ##[endgroup]
2025-12-10T12:24:56.8838351Z ##[group]Fetching the repository
2025-12-10T12:24:56.8845590Z [command]/usr/bin/git -c protocol.version=2 fetch --no-tags --prune --no-recurse-submodules --depth=2 origin +747a67499672938876dee78de84a4de21b2276e5:refs/remotes/origin/main
2025-12-10T12:24:57.4985447Z From https://github.com/dsybot/DaoTV
2025-12-10T12:24:57.4986836Z  * [new ref]         747a67499672938876dee78de84a4de21b2276e5 -> origin/main
2025-12-10T12:24:57.5019329Z ##[endgroup]
2025-12-10T12:24:57.5020011Z ##[group]Determining the checkout info
2025-12-10T12:24:57.5021412Z ##[endgroup]
2025-12-10T12:24:57.5026725Z [command]/usr/bin/git sparse-checkout disable
2025-12-10T12:24:57.5067266Z [command]/usr/bin/git config --local --unset-all extensions.worktreeConfig
2025-12-10T12:24:57.5092497Z ##[group]Checking out the ref
2025-12-10T12:24:57.5096208Z [command]/usr/bin/git checkout --progress --force -B main refs/remotes/origin/main
2025-12-10T12:24:57.5811041Z Switched to a new branch 'main'
2025-12-10T12:24:57.5812296Z branch 'main' set up to track 'origin/main'.
2025-12-10T12:24:57.5826694Z ##[endgroup]
2025-12-10T12:24:57.5865093Z [command]/usr/bin/git log -1 --format=%H
2025-12-10T12:24:57.5887697Z 747a67499672938876dee78de84a4de21b2276e5
2025-12-10T12:24:57.6002803Z ##[group]Run CURRENT_VERSION=$(node -p "require('./package.json').version")
2025-12-10T12:24:57.6003770Z [36;1mCURRENT_VERSION=$(node -p "require('./package.json').version")[0m
2025-12-10T12:24:57.6004312Z [36;1mecho "current_version=$CURRENT_VERSION" >> $GITHUB_OUTPUT[0m
2025-12-10T12:24:57.6004736Z [36;1m[0m
2025-12-10T12:24:57.6005082Z [36;1m# Check if this is the first commit or if previous commit exists[0m
2025-12-10T12:24:57.6005559Z [36;1mif git rev-parse HEAD~1 >/dev/null 2>&1; then[0m
2025-12-10T12:24:57.6006126Z [36;1m  git checkout HEAD~1 -- package.json 2>/dev/null || echo "{\"version\":\"0.0.0\"}" > package.json.old[0m
2025-12-10T12:24:57.6006828Z [36;1m  PREVIOUS_VERSION=$(node -p "try { require('./package.json').version } catch(e) { '0.0.0' }")[0m
2025-12-10T12:24:57.6007395Z [36;1m  git checkout HEAD -- package.json[0m
2025-12-10T12:24:57.6007735Z [36;1melse[0m
2025-12-10T12:24:57.6008022Z [36;1m  PREVIOUS_VERSION="0.0.0"[0m
2025-12-10T12:24:57.6008373Z [36;1mfi[0m
2025-12-10T12:24:57.6008622Z [36;1m[0m
2025-12-10T12:24:57.6008987Z [36;1mecho "previous_version=$PREVIOUS_VERSION" >> $GITHUB_OUTPUT[0m
2025-12-10T12:24:57.6009392Z [36;1m[0m
2025-12-10T12:24:57.6009722Z [36;1mif [ "$CURRENT_VERSION" != "$PREVIOUS_VERSION" ]; then[0m
2025-12-10T12:24:57.6010174Z [36;1m  echo "version_changed=true" >> $GITHUB_OUTPUT[0m
2025-12-10T12:24:57.6010636Z [36;1m  echo "Version changed: $PREVIOUS_VERSION -> $CURRENT_VERSION"[0m
2025-12-10T12:24:57.6011054Z [36;1melse[0m
2025-12-10T12:24:57.6011368Z [36;1m  echo "version_changed=false" >> $GITHUB_OUTPUT[0m
2025-12-10T12:24:57.6011788Z [36;1m  echo "Version unchanged: $CURRENT_VERSION"[0m
2025-12-10T12:24:57.6012128Z [36;1mfi[0m
2025-12-10T12:24:57.6047619Z shell: /usr/bin/bash -e {0}
2025-12-10T12:24:57.6047944Z env:
2025-12-10T12:24:57.6048230Z   PLATFORM_NAME: linux-amd64
2025-12-10T12:24:57.6048548Z ##[endgroup]
2025-12-10T12:24:57.9579374Z Version unchanged: 5.7.0
2025-12-10T12:24:57.9666893Z ##[group]Run docker/setup-buildx-action@v3
2025-12-10T12:24:57.9667246Z with:
2025-12-10T12:24:57.9667465Z   driver: docker-container
2025-12-10T12:24:57.9667720Z   install: false
2025-12-10T12:24:57.9667931Z   use: true
2025-12-10T12:24:57.9668142Z   keep-state: false
2025-12-10T12:24:57.9668365Z   cache-binary: true
2025-12-10T12:24:57.9668591Z   cleanup: true
2025-12-10T12:24:57.9668799Z env:
2025-12-10T12:24:57.9669009Z   PLATFORM_NAME: linux-amd64
2025-12-10T12:24:57.9669255Z ##[endgroup]
2025-12-10T12:24:58.2509659Z ##[group]Docker info
2025-12-10T12:24:58.2535992Z [command]/usr/bin/docker version
2025-12-10T12:24:58.3717859Z Client: Docker Engine - Community
2025-12-10T12:24:58.3721130Z  Version:           28.0.4
2025-12-10T12:24:58.3721691Z  API version:       1.48
2025-12-10T12:24:58.3722181Z  Go version:        go1.23.7
2025-12-10T12:24:58.3722660Z  Git commit:        b8034c0
2025-12-10T12:24:58.3723347Z  Built:             Tue Mar 25 15:07:16 2025
2025-12-10T12:24:58.3723872Z  OS/Arch:           linux/amd64
2025-12-10T12:24:58.3724398Z  Context:           default
2025-12-10T12:24:58.3724656Z 
2025-12-10T12:24:58.3725165Z Server: Docker Engine - Community
2025-12-10T12:24:58.3725669Z  Engine:
2025-12-10T12:24:58.3726045Z   Version:          28.0.4
2025-12-10T12:24:58.3726534Z   API version:      1.48 (minimum version 1.24)
2025-12-10T12:24:58.3728573Z   Go version:       go1.23.7
2025-12-10T12:24:58.3729361Z   Git commit:       6430e49
2025-12-10T12:24:58.3733649Z   Built:            Tue Mar 25 15:07:16 2025
2025-12-10T12:24:58.3734262Z   OS/Arch:          linux/amd64
2025-12-10T12:24:58.3734770Z   Experimental:     false
2025-12-10T12:24:58.3735247Z  containerd:
2025-12-10T12:24:58.3735662Z   Version:          v2.1.5
2025-12-10T12:24:58.3736632Z   GitCommit:        fcd43222d6b07379a4be9786bda52438f0dd16a1
2025-12-10T12:24:58.3737223Z  runc:
2025-12-10T12:24:58.3737645Z   Version:          1.3.3
2025-12-10T12:24:58.3738121Z   GitCommit:        v1.3.3-0-gd842d771
2025-12-10T12:24:58.3738654Z  docker-init:
2025-12-10T12:24:58.3739080Z   Version:          0.19.0
2025-12-10T12:24:58.3739534Z   GitCommit:        de40ad0
2025-12-10T12:24:58.3780343Z [command]/usr/bin/docker info
2025-12-10T12:25:00.5655739Z Client: Docker Engine - Community
2025-12-10T12:25:00.5656497Z  Version:    28.0.4
2025-12-10T12:25:00.5656803Z  Context:    default
2025-12-10T12:25:00.5657111Z  Debug Mode: false
2025-12-10T12:25:00.5657415Z  Plugins:
2025-12-10T12:25:00.5657699Z   buildx: Docker Buildx (Docker Inc.)
2025-12-10T12:25:00.5658074Z     Version:  v0.30.1
2025-12-10T12:25:00.5658496Z     Path:     /usr/libexec/docker/cli-plugins/docker-buildx
2025-12-10T12:25:00.5658982Z   compose: Docker Compose (Docker Inc.)
2025-12-10T12:25:00.5659362Z     Version:  v2.38.2
2025-12-10T12:25:00.5659831Z     Path:     /usr/libexec/docker/cli-plugins/docker-compose
2025-12-10T12:25:00.5660217Z 
2025-12-10T12:25:00.5660335Z Server:
2025-12-10T12:25:00.5660612Z  Containers: 0
2025-12-10T12:25:00.5660935Z   Running: 0
2025-12-10T12:25:00.5661287Z   Paused: 0
2025-12-10T12:25:00.5661607Z   Stopped: 0
2025-12-10T12:25:00.5661916Z  Images: 0
2025-12-10T12:25:00.5662267Z  Server Version: 28.0.4
2025-12-10T12:25:00.5662690Z  Storage Driver: overlay2
2025-12-10T12:25:00.5663391Z   Backing Filesystem: extfs
2025-12-10T12:25:00.5663807Z   Supports d_type: true
2025-12-10T12:25:00.5664185Z   Using metacopy: false
2025-12-10T12:25:00.5664567Z   Native Overlay Diff: false
2025-12-10T12:25:00.5664977Z   userxattr: false
2025-12-10T12:25:00.5665334Z  Logging Driver: json-file
2025-12-10T12:25:00.5665728Z  Cgroup Driver: systemd
2025-12-10T12:25:00.5666095Z  Cgroup Version: 2
2025-12-10T12:25:00.5666428Z  Plugins:
2025-12-10T12:25:00.5666855Z   Volume: local
2025-12-10T12:25:00.5667387Z   Network: bridge host ipvlan macvlan null overlay
2025-12-10T12:25:00.5668152Z   Log: awslogs fluentd gcplogs gelf journald json-file local splunk syslog
2025-12-10T12:25:00.5668758Z  Swarm: inactive
2025-12-10T12:25:00.5669594Z  Runtimes: io.containerd.runc.v2 runc
2025-12-10T12:25:00.5670085Z  Default Runtime: runc
2025-12-10T12:25:00.5670444Z  Init Binary: docker-init
2025-12-10T12:25:00.5670936Z  containerd version: fcd43222d6b07379a4be9786bda52438f0dd16a1
2025-12-10T12:25:00.5671492Z  runc version: v1.3.3-0-gd842d771
2025-12-10T12:25:00.5671897Z  init version: de40ad0
2025-12-10T12:25:00.5672242Z  Security Options:
2025-12-10T12:25:00.5672547Z   apparmor
2025-12-10T12:25:00.5672842Z   seccomp
2025-12-10T12:25:00.5673405Z    Profile: builtin
2025-12-10T12:25:00.5673733Z   cgroupns
2025-12-10T12:25:00.5674037Z  Kernel Version: 6.11.0-1018-azure
2025-12-10T12:25:00.5674465Z  Operating System: Ubuntu 24.04.3 LTS
2025-12-10T12:25:00.5674884Z  OSType: linux
2025-12-10T12:25:00.5675206Z  Architecture: x86_64
2025-12-10T12:25:00.5675541Z  CPUs: 4
2025-12-10T12:25:00.5675829Z  Total Memory: 15.62GiB
2025-12-10T12:25:00.5676169Z  Name: runnervmoqczp
2025-12-10T12:25:00.5676537Z  ID: 4ce6fa60-2f23-4ac2-b56a-0440c85af90a
2025-12-10T12:25:00.5677040Z  Docker Root Dir: /var/lib/docker
2025-12-10T12:25:00.5677446Z  Debug Mode: false
2025-12-10T12:25:00.5677801Z  Username: githubactions
2025-12-10T12:25:00.5678172Z  Experimental: false
2025-12-10T12:25:00.5678531Z  Insecure Registries:
2025-12-10T12:25:00.5683621Z   ::1/128
2025-12-10T12:25:00.5683962Z   127.0.0.0/8
2025-12-10T12:25:00.5684307Z  Live Restore Enabled: false
2025-12-10T12:25:00.5684594Z 
2025-12-10T12:25:00.5685227Z ##[endgroup]
2025-12-10T12:25:00.6469645Z ##[group]Buildx version
2025-12-10T12:25:00.6496159Z [command]/usr/bin/docker buildx version
2025-12-10T12:25:00.7080238Z github.com/docker/buildx v0.30.1 9e66234aa13328a5e75b75aa5574e1ca6d6d9c01
2025-12-10T12:25:00.7114342Z ##[endgroup]
2025-12-10T12:25:00.7264933Z ##[group]Inspecting default docker context
2025-12-10T12:25:00.7414105Z [
2025-12-10T12:25:00.7414417Z   {
2025-12-10T12:25:00.7414703Z     "Name": "default",
2025-12-10T12:25:00.7415000Z     "Metadata": {},
2025-12-10T12:25:00.7415192Z     "Endpoints": {
2025-12-10T12:25:00.7415418Z       "docker": {
2025-12-10T12:25:00.7415627Z         "Host": "unix:///var/run/docker.sock",
2025-12-10T12:25:00.7415893Z         "SkipTLSVerify": false
2025-12-10T12:25:00.7416105Z       }
2025-12-10T12:25:00.7416253Z     },
2025-12-10T12:25:00.7416416Z     "TLSMaterial": {},
2025-12-10T12:25:00.7416600Z     "Storage": {
2025-12-10T12:25:00.7416798Z       "MetadataPath": "<IN MEMORY>",
2025-12-10T12:25:00.7417112Z       "TLSPath": "<IN MEMORY>"
2025-12-10T12:25:00.7417387Z     }
2025-12-10T12:25:00.7417541Z   }
2025-12-10T12:25:00.7417683Z ]
2025-12-10T12:25:00.7418148Z ##[endgroup]
2025-12-10T12:25:00.7418700Z ##[group]Creating a new builder instance
2025-12-10T12:25:00.8724572Z [command]/usr/bin/docker buildx create --name builder-22f41ac4-bac8-4255-9ea1-6039bf818da5 --driver docker-container --buildkitd-flags --allow-insecure-entitlement security.insecure --allow-insecure-entitlement network.host --use
2025-12-10T12:25:00.9305808Z builder-22f41ac4-bac8-4255-9ea1-6039bf818da5
2025-12-10T12:25:00.9340820Z ##[endgroup]
2025-12-10T12:25:00.9341221Z ##[group]Booting builder
2025-12-10T12:25:00.9377586Z [command]/usr/bin/docker buildx inspect --bootstrap --builder builder-22f41ac4-bac8-4255-9ea1-6039bf818da5
2025-12-10T12:25:00.9963483Z #1 [internal] booting buildkit
2025-12-10T12:25:01.1465237Z #1 pulling image moby/buildkit:buildx-stable-1
2025-12-10T12:25:03.4359528Z #1 pulling image moby/buildkit:buildx-stable-1 2.4s done
2025-12-10T12:25:03.5868687Z #1 creating container buildx_buildkit_builder-22f41ac4-bac8-4255-9ea1-6039bf818da50
2025-12-10T12:25:03.8704484Z #1 creating container buildx_buildkit_builder-22f41ac4-bac8-4255-9ea1-6039bf818da50 0.4s done
2025-12-10T12:25:03.8737026Z #1 DONE 2.9s
2025-12-10T12:25:03.9001125Z Name:          builder-22f41ac4-bac8-4255-9ea1-6039bf818da5
2025-12-10T12:25:03.9001708Z Driver:        docker-container
2025-12-10T12:25:03.9002010Z Last Activity: 2025-12-10 12:25:00 +0000 UTC
2025-12-10T12:25:03.9002189Z 
2025-12-10T12:25:03.9002261Z Nodes:
2025-12-10T12:25:03.9009666Z Name:                  builder-22f41ac4-bac8-4255-9ea1-6039bf818da50
2025-12-10T12:25:03.9011391Z Endpoint:              unix:///var/run/docker.sock
2025-12-10T12:25:03.9011840Z Status:                running
2025-12-10T12:25:03.9012645Z BuildKit daemon flags: --allow-insecure-entitlement security.insecure --allow-insecure-entitlement network.host
2025-12-10T12:25:03.9013668Z BuildKit version:      v0.26.2
2025-12-10T12:25:03.9014165Z Platforms:             linux/amd64, linux/amd64/v2, linux/amd64/v3, linux/386
2025-12-10T12:25:03.9014676Z Labels:
2025-12-10T12:25:03.9015047Z  org.mobyproject.buildkit.worker.executor:         oci
2025-12-10T12:25:03.9015682Z  org.mobyproject.buildkit.worker.hostname:         7a569a072529
2025-12-10T12:25:03.9016301Z  org.mobyproject.buildkit.worker.network:          host
2025-12-10T12:25:03.9016941Z  org.mobyproject.buildkit.worker.oci.process-mode: sandbox
2025-12-10T12:25:03.9017584Z  org.mobyproject.buildkit.worker.selinux.enabled:  false
2025-12-10T12:25:03.9018225Z  org.mobyproject.buildkit.worker.snapshotter:      overlayfs
2025-12-10T12:25:03.9018748Z GC Policy rule#0:
2025-12-10T12:25:03.9019047Z  All:            false
2025-12-10T12:25:03.9019654Z  Filters:        type==source.local,type==exec.cachemount,type==source.git.checkout
2025-12-10T12:25:03.9020287Z  Keep Duration:  48h0m0s
2025-12-10T12:25:03.9020622Z  Max Used Space: 488.3MiB
2025-12-10T12:25:03.9020942Z GC Policy rule#1:
2025-12-10T12:25:03.9021223Z  All:            false
2025-12-10T12:25:03.9021515Z  Keep Duration:  1440h0m0s
2025-12-10T12:25:03.9021831Z  Reserved Space: 7.451GiB
2025-12-10T12:25:03.9022142Z  Max Used Space: 54.02GiB
2025-12-10T12:25:03.9022443Z  Min Free Space: 13.97GiB
2025-12-10T12:25:03.9022754Z GC Policy rule#2:
2025-12-10T12:25:03.9023154Z  All:            false
2025-12-10T12:25:03.9023825Z  Reserved Space: 7.451GiB
2025-12-10T12:25:03.9024134Z  Max Used Space: 54.02GiB
2025-12-10T12:25:03.9024456Z  Min Free Space: 13.97GiB
2025-12-10T12:25:03.9024778Z GC Policy rule#3:
2025-12-10T12:25:03.9025078Z  All:            true
2025-12-10T12:25:03.9025386Z  Reserved Space: 7.451GiB
2025-12-10T12:25:03.9025723Z  Max Used Space: 54.02GiB
2025-12-10T12:25:03.9026043Z  Min Free Space: 13.97GiB
2025-12-10T12:25:03.9055676Z ##[endgroup]
2025-12-10T12:25:03.9922713Z ##[group]Inspect builder
2025-12-10T12:25:03.9925876Z {
2025-12-10T12:25:03.9926494Z   "nodes": [
2025-12-10T12:25:03.9926967Z     {
2025-12-10T12:25:03.9927385Z       "name": "builder-22f41ac4-bac8-4255-9ea1-6039bf818da50",
2025-12-10T12:25:03.9927945Z       "endpoint": "unix:///var/run/docker.sock",
2025-12-10T12:25:03.9928397Z       "status": "running",
2025-12-10T12:25:03.9929216Z       "buildkitd-flags": "--allow-insecure-entitlement security.insecure --allow-insecure-entitlement network.host",
2025-12-10T12:25:03.9930054Z       "buildkit": "v0.26.2",
2025-12-10T12:25:03.9930543Z       "platforms": "linux/amd64,linux/amd64/v2,linux/amd64/v3,linux/386",
2025-12-10T12:25:03.9931083Z       "features": {
2025-12-10T12:25:03.9931551Z         "Automatically load images to the Docker Engine image store": true,
2025-12-10T12:25:03.9932122Z         "Cache export": true,
2025-12-10T12:25:03.9932479Z         "Direct push": true,
2025-12-10T12:25:03.9932839Z         "Docker exporter": true,
2025-12-10T12:25:03.9933692Z         "Multi-platform build": true,
2025-12-10T12:25:03.9934088Z         "OCI exporter": true
2025-12-10T12:25:03.9934419Z       },
2025-12-10T12:25:03.9934686Z       "labels": {
2025-12-10T12:25:03.9934943Z         "org.mobyproject.buildkit.worker.executor": "oci",
2025-12-10T12:25:03.9935312Z         "org.mobyproject.buildkit.worker.hostname": "7a569a072529",
2025-12-10T12:25:03.9935684Z         "org.mobyproject.buildkit.worker.network": "host",
2025-12-10T12:25:03.9936080Z         "org.mobyproject.buildkit.worker.oci.process-mode": "sandbox",
2025-12-10T12:25:03.9936815Z         "org.mobyproject.buildkit.worker.selinux.enabled": "false",
2025-12-10T12:25:03.9937374Z         "org.mobyproject.buildkit.worker.snapshotter": "overlayfs"
2025-12-10T12:25:03.9937921Z       },
2025-12-10T12:25:03.9938235Z       "gcPolicy": [
2025-12-10T12:25:03.9938442Z         {
2025-12-10T12:25:03.9938621Z           "all": false,
2025-12-10T12:25:03.9938809Z           "filter": [
2025-12-10T12:25:03.9938999Z             "type==source.local",
2025-12-10T12:25:03.9939236Z             "type==exec.cachemount",
2025-12-10T12:25:03.9939471Z             "type==source.git.checkout"
2025-12-10T12:25:03.9939696Z           ],
2025-12-10T12:25:03.9939865Z           "keepDuration": "48h0m0s",
2025-12-10T12:25:03.9940091Z           "maxUsedSpace": "488.3MiB"
2025-12-10T12:25:03.9940293Z         },
2025-12-10T12:25:03.9940452Z         {
2025-12-10T12:25:03.9940649Z           "all": false,
2025-12-10T12:25:03.9940985Z           "keepDuration": "1440h0m0s",
2025-12-10T12:25:03.9941392Z           "reservedSpace": "7.451GiB",
2025-12-10T12:25:03.9941874Z           "maxUsedSpace": "54.02GiB",
2025-12-10T12:25:03.9942245Z           "minFreeSpace": "13.97GiB"
2025-12-10T12:25:03.9942571Z         },
2025-12-10T12:25:03.9942812Z         {
2025-12-10T12:25:03.9943285Z           "all": false,
2025-12-10T12:25:03.9943610Z           "reservedSpace": "7.451GiB",
2025-12-10T12:25:03.9943984Z           "maxUsedSpace": "54.02GiB",
2025-12-10T12:25:03.9944362Z           "minFreeSpace": "13.97GiB"
2025-12-10T12:25:03.9944715Z         },
2025-12-10T12:25:03.9944955Z         {
2025-12-10T12:25:03.9945209Z           "all": true,
2025-12-10T12:25:03.9945511Z           "reservedSpace": "7.451GiB",
2025-12-10T12:25:03.9945906Z           "maxUsedSpace": "54.02GiB",
2025-12-10T12:25:03.9946137Z           "minFreeSpace": "13.97GiB"
2025-12-10T12:25:03.9946353Z         }
2025-12-10T12:25:03.9946503Z       ]
2025-12-10T12:25:03.9946654Z     }
2025-12-10T12:25:03.9946801Z   ],
2025-12-10T12:25:03.9947240Z   "name": "builder-22f41ac4-bac8-4255-9ea1-6039bf818da5",
2025-12-10T12:25:03.9947536Z   "driver": "docker-container",
2025-12-10T12:25:03.9947779Z   "lastActivity": "2025-12-10T12:25:00.000Z"
2025-12-10T12:25:03.9948020Z }
2025-12-10T12:25:03.9949380Z ##[endgroup]
2025-12-10T12:25:03.9949947Z ##[group]BuildKit version
2025-12-10T12:25:03.9950373Z builder-22f41ac4-bac8-4255-9ea1-6039bf818da50: v0.26.2
2025-12-10T12:25:03.9951062Z ##[endgroup]
2025-12-10T12:25:04.0067949Z ##[group]Run docker/login-action@v3
2025-12-10T12:25:04.0068230Z with:
2025-12-10T12:25:04.0068409Z   registry: ghcr.io
2025-12-10T12:25:04.0068609Z   username: dsjbot
2025-12-10T12:25:04.0069147Z   password: ***
2025-12-10T12:25:04.0069344Z   logout: true
2025-12-10T12:25:04.0069524Z env:
2025-12-10T12:25:04.0069703Z   PLATFORM_NAME: linux-amd64
2025-12-10T12:25:04.0069930Z ##[endgroup]
2025-12-10T12:25:04.3056753Z Logging into ghcr.io...
2025-12-10T12:25:04.4778780Z Login Succeeded!
2025-12-10T12:25:04.4886704Z ##[group]Run echo "owner=$(echo 'dsybot' | tr '[:upper:]' '[:lower:]')" >> "$GITHUB_OUTPUT"
2025-12-10T12:25:04.4887257Z [36;1mecho "owner=$(echo 'dsybot' | tr '[:upper:]' '[:lower:]')" >> "$GITHUB_OUTPUT"[0m
2025-12-10T12:25:04.4919932Z shell: /usr/bin/bash -e {0}
2025-12-10T12:25:04.4920171Z env:
2025-12-10T12:25:04.4920352Z   PLATFORM_NAME: linux-amd64
2025-12-10T12:25:04.4920575Z ##[endgroup]
2025-12-10T12:25:04.5060600Z ##[group]Run docker/metadata-action@v5
2025-12-10T12:25:04.5060875Z with:
2025-12-10T12:25:04.5061069Z   images: ghcr.io/dsybot/lunatv
2025-12-10T12:25:04.5061540Z   tags: type=raw,value=latest,enable={{is_default_branch}}
type=raw,value=5.7.0,enable=false
type=raw,value=,enable=false

2025-12-10T12:25:04.5061995Z   context: workflow
2025-12-10T12:25:04.5062358Z   github-token: ***
2025-12-10T12:25:04.5062550Z env:
2025-12-10T12:25:04.5062729Z   PLATFORM_NAME: linux-amd64
2025-12-10T12:25:04.5062951Z ##[endgroup]
2025-12-10T12:25:05.2195477Z ##[group]Context info
2025-12-10T12:25:05.2199451Z eventName: push
2025-12-10T12:25:05.2199885Z sha: 747a67499672938876dee78de84a4de21b2276e5
2025-12-10T12:25:05.2200373Z ref: refs/heads/main
2025-12-10T12:25:05.2200732Z workflow: Build & Push Docker image
2025-12-10T12:25:05.2201134Z action: meta
2025-12-10T12:25:05.2201431Z actor: dsjbot
2025-12-10T12:25:05.2201713Z runNumber: 893
2025-12-10T12:25:05.2202024Z runId: 20098521683
2025-12-10T12:25:05.2202576Z commitDate: Wed Dec 10 2025 12:24:42 GMT+0000 (Coordinated Universal Time)
2025-12-10T12:25:05.2203740Z ##[endgroup]
2025-12-10T12:25:05.2206046Z ##[group]Processing images input
2025-12-10T12:25:05.2206515Z name=ghcr.io/dsybot/lunatv,enable=true
2025-12-10T12:25:05.2207343Z ##[endgroup]
2025-12-10T12:25:05.2219342Z ##[group]Processing tags input
2025-12-10T12:25:05.2219932Z type=raw,value=latest,enable={{is_default_branch}},priority=200
2025-12-10T12:25:05.2220560Z type=raw,value=5.7.0,enable=false,priority=200
2025-12-10T12:25:05.2221072Z type=raw,value=,enable=false,priority=200
2025-12-10T12:25:05.2221815Z ##[endgroup]
2025-12-10T12:25:05.2222416Z ##[group]Processing flavor input
2025-12-10T12:25:05.2222818Z latest=auto
2025-12-10T12:25:05.2223337Z prefix=
2025-12-10T12:25:05.2223628Z prefixLatest=false
2025-12-10T12:25:05.2223940Z suffix=
2025-12-10T12:25:05.2224215Z suffixLatest=false
2025-12-10T12:25:05.2224774Z ##[endgroup]
2025-12-10T12:25:05.2284960Z ##[group]Docker image version
2025-12-10T12:25:05.2285387Z latest
2025-12-10T12:25:05.2285916Z ##[endgroup]
2025-12-10T12:25:05.2290620Z ##[group]Docker tags
2025-12-10T12:25:05.2291227Z ghcr.io/dsybot/lunatv:latest
2025-12-10T12:25:05.2291896Z ##[endgroup]
2025-12-10T12:25:05.2370044Z ##[group]Docker labels
2025-12-10T12:25:05.2371805Z org.opencontainers.image.created=2025-12-10T12:25:05.222Z
2025-12-10T12:25:05.2373366Z org.opencontainers.image.description=测试https://cstv.dsjbot.top ​体验https://daotv.zeabur.app
2025-12-10T12:25:05.2374297Z org.opencontainers.image.licenses=NOASSERTION
2025-12-10T12:25:05.2375028Z org.opencontainers.image.revision=747a67499672938876dee78de84a4de21b2276e5
2025-12-10T12:25:05.2376218Z org.opencontainers.image.source=https://github.com/dsybot/DaoTV
2025-12-10T12:25:05.2376899Z org.opencontainers.image.title=DaoTV
2025-12-10T12:25:05.2377515Z org.opencontainers.image.url=https://github.com/dsybot/DaoTV
2025-12-10T12:25:05.2378156Z org.opencontainers.image.version=latest
2025-12-10T12:25:05.2378898Z ##[endgroup]
2025-12-10T12:25:05.2379495Z ##[group]Annotations
2025-12-10T12:25:05.2380035Z manifest:org.opencontainers.image.created=2025-12-10T12:25:05.222Z
2025-12-10T12:25:05.2381281Z manifest:org.opencontainers.image.description=测试https://cstv.dsjbot.top ​体验https://daotv.zeabur.app
2025-12-10T12:25:05.2382275Z manifest:org.opencontainers.image.licenses=NOASSERTION
2025-12-10T12:25:05.2383300Z manifest:org.opencontainers.image.revision=747a67499672938876dee78de84a4de21b2276e5
2025-12-10T12:25:05.2384277Z manifest:org.opencontainers.image.source=https://github.com/dsybot/DaoTV
2025-12-10T12:25:05.2385031Z manifest:org.opencontainers.image.title=DaoTV
2025-12-10T12:25:05.2385767Z manifest:org.opencontainers.image.url=https://github.com/dsybot/DaoTV
2025-12-10T12:25:05.2386519Z manifest:org.opencontainers.image.version=latest
2025-12-10T12:25:05.2387307Z ##[endgroup]
2025-12-10T12:25:05.2387855Z ##[group]JSON output
2025-12-10T12:25:05.2388191Z {
2025-12-10T12:25:05.2388455Z   "tags": [
2025-12-10T12:25:05.2389096Z     "ghcr.io/dsybot/lunatv:latest"
2025-12-10T12:25:05.2389500Z   ],
2025-12-10T12:25:05.2389793Z   "tag-names": [
2025-12-10T12:25:05.2390119Z     "latest"
2025-12-10T12:25:05.2390406Z   ],
2025-12-10T12:25:05.2390683Z   "labels": {
2025-12-10T12:25:05.2391151Z     "org.opencontainers.image.created": "2025-12-10T12:25:05.222Z",
2025-12-10T12:25:05.2392364Z     "org.opencontainers.image.description": "测试https://cstv.dsjbot.top ​体验https://daotv.zeabur.app",
2025-12-10T12:25:05.2393520Z     "org.opencontainers.image.licenses": "NOASSERTION",
2025-12-10T12:25:05.2394299Z     "org.opencontainers.image.revision": "747a67499672938876dee78de84a4de21b2276e5",
2025-12-10T12:25:05.2395225Z     "org.opencontainers.image.source": "https://github.com/dsybot/DaoTV",
2025-12-10T12:25:05.2395956Z     "org.opencontainers.image.title": "DaoTV",
2025-12-10T12:25:05.2396654Z     "org.opencontainers.image.url": "https://github.com/dsybot/DaoTV",
2025-12-10T12:25:05.2397342Z     "org.opencontainers.image.version": "latest"
2025-12-10T12:25:05.2397829Z   },
2025-12-10T12:25:05.2398111Z   "annotations": [
2025-12-10T12:25:05.2398634Z     "manifest:org.opencontainers.image.created=2025-12-10T12:25:05.222Z",
2025-12-10T12:25:05.2399934Z     "manifest:org.opencontainers.image.description=测试https://cstv.dsjbot.top ​体验https://daotv.zeabur.app",
2025-12-10T12:25:05.2400967Z     "manifest:org.opencontainers.image.licenses=NOASSERTION",
2025-12-10T12:25:05.2401842Z     "manifest:org.opencontainers.image.revision=747a67499672938876dee78de84a4de21b2276e5",
2025-12-10T12:25:05.2402825Z     "manifest:org.opencontainers.image.source=https://github.com/dsybot/DaoTV",
2025-12-10T12:25:05.2403824Z     "manifest:org.opencontainers.image.title=DaoTV",
2025-12-10T12:25:05.2404561Z     "manifest:org.opencontainers.image.url=https://github.com/dsybot/DaoTV",
2025-12-10T12:25:05.2405321Z     "manifest:org.opencontainers.image.version=latest"
2025-12-10T12:25:05.2405823Z   ]
2025-12-10T12:25:05.2406096Z }
2025-12-10T12:25:05.2406627Z ##[endgroup]
2025-12-10T12:25:05.2407220Z ##[group]Bake file definition (tags)
2025-12-10T12:25:05.2407582Z {
2025-12-10T12:25:05.2407809Z   "target": {
2025-12-10T12:25:05.2408103Z     "docker-metadata-action": {
2025-12-10T12:25:05.2408454Z       "tags": [
2025-12-10T12:25:05.2408768Z         "ghcr.io/dsybot/lunatv:latest"
2025-12-10T12:25:05.2409177Z       ],
2025-12-10T12:25:05.2409427Z       "args": {
2025-12-10T12:25:05.2409782Z         "DOCKER_META_IMAGES": "ghcr.io/dsybot/lunatv",
2025-12-10T12:25:05.2410275Z         "DOCKER_META_VERSION": "latest"
2025-12-10T12:25:05.2410640Z       }
2025-12-10T12:25:05.2410863Z     }
2025-12-10T12:25:05.2411308Z   }
2025-12-10T12:25:05.2411533Z }
2025-12-10T12:25:05.2411967Z ##[endgroup]
2025-12-10T12:25:05.2412437Z ##[group]Bake file definition (labels)
2025-12-10T12:25:05.2412780Z {
2025-12-10T12:25:05.2413163Z   "target": {
2025-12-10T12:25:05.2413449Z     "docker-metadata-action": {
2025-12-10T12:25:05.2413764Z       "labels": {
2025-12-10T12:25:05.2414173Z         "org.opencontainers.image.created": "2025-12-10T12:25:05.222Z",
2025-12-10T12:25:05.2415182Z         "org.opencontainers.image.description": "测试https://cstv.dsjbot.top ​体验https://daotv.zeabur.app",
2025-12-10T12:25:05.2415949Z         "org.opencontainers.image.licenses": "NOASSERTION",
2025-12-10T12:25:05.2416639Z         "org.opencontainers.image.revision": "747a67499672938876dee78de84a4de21b2276e5",
2025-12-10T12:25:05.2417464Z         "org.opencontainers.image.source": "https://github.com/dsybot/DaoTV",
2025-12-10T12:25:05.2418124Z         "org.opencontainers.image.title": "DaoTV",
2025-12-10T12:25:05.2418754Z         "org.opencontainers.image.url": "https://github.com/dsybot/DaoTV",
2025-12-10T12:25:05.2419410Z         "org.opencontainers.image.version": "latest"
2025-12-10T12:25:05.2419856Z       }
2025-12-10T12:25:05.2420109Z     }
2025-12-10T12:25:05.2420359Z   }
2025-12-10T12:25:05.2420601Z }
2025-12-10T12:25:05.2421116Z ##[endgroup]
2025-12-10T12:25:05.2421631Z ##[group]Bake file definition (annotations)
2025-12-10T12:25:05.2422194Z {
2025-12-10T12:25:05.2422427Z   "target": {
2025-12-10T12:25:05.2422699Z     "docker-metadata-action": {
2025-12-10T12:25:05.2423286Z       "annotations": [
2025-12-10T12:25:05.2423737Z         "manifest:org.opencontainers.image.created=2025-12-10T12:25:05.222Z",
2025-12-10T12:25:05.2424777Z         "manifest:org.opencontainers.image.description=测试https://cstv.dsjbot.top ​体验https://daotv.zeabur.app",
2025-12-10T12:25:05.2425612Z         "manifest:org.opencontainers.image.licenses=NOASSERTION",
2025-12-10T12:25:05.2426337Z         "manifest:org.opencontainers.image.revision=747a67499672938876dee78de84a4de21b2276e5",
2025-12-10T12:25:05.2427223Z         "manifest:org.opencontainers.image.source=https://github.com/dsybot/DaoTV",
2025-12-10T12:25:05.2427910Z         "manifest:org.opencontainers.image.title=DaoTV",
2025-12-10T12:25:05.2428557Z         "manifest:org.opencontainers.image.url=https://github.com/dsybot/DaoTV",
2025-12-10T12:25:05.2429232Z         "manifest:org.opencontainers.image.version=latest"
2025-12-10T12:25:05.2429669Z       ]
2025-12-10T12:25:05.2429942Z     }
2025-12-10T12:25:05.2430184Z   }
2025-12-10T12:25:05.2430418Z }
2025-12-10T12:25:05.2430874Z ##[endgroup]
2025-12-10T12:25:05.2942705Z ##[group]Run docker/build-push-action@v5
2025-12-10T12:25:05.2943282Z with:
2025-12-10T12:25:05.2943561Z   context: .
2025-12-10T12:25:05.2943857Z   file: ./Dockerfile
2025-12-10T12:25:05.2944058Z   platforms: linux/amd64
2025-12-10T12:25:05.2945843Z   labels: org.opencontainers.image.created=2025-12-10T12:25:05.222Z
org.opencontainers.image.description=测试https://cstv.dsjbot.top ​体验https://daotv.zeabur.app
org.opencontainers.image.licenses=NOASSERTION
org.opencontainers.image.revision=747a67499672938876dee78de84a4de21b2276e5
org.opencontainers.image.source=https://github.com/dsybot/DaoTV
org.opencontainers.image.title=DaoTV
org.opencontainers.image.url=https://github.com/dsybot/DaoTV
org.opencontainers.image.version=latest
2025-12-10T12:25:05.2947624Z   tags: ghcr.io/dsybot/lunatv:latest
2025-12-10T12:25:05.2947985Z   outputs: type=image,name=ghcr.io/dsybot/lunatv,name-canonical=true,push=true
2025-12-10T12:25:05.2948340Z   no-cache: true
2025-12-10T12:25:05.2948520Z   pull: true
2025-12-10T12:25:05.2948717Z   load: false
2025-12-10T12:25:05.2948886Z   push: false
2025-12-10T12:25:05.2949189Z   github-token: ***
2025-12-10T12:25:05.2949374Z env:
2025-12-10T12:25:05.2949544Z   PLATFORM_NAME: linux-amd64
2025-12-10T12:25:05.2949777Z   DOCKER_METADATA_OUTPUT_VERSION: latest
2025-12-10T12:25:05.2950081Z   DOCKER_METADATA_OUTPUT_TAGS: ghcr.io/dsybot/lunatv:latest
2025-12-10T12:25:05.2950400Z   DOCKER_METADATA_OUTPUT_TAG_NAMES: latest
2025-12-10T12:25:05.2952412Z   DOCKER_METADATA_OUTPUT_LABELS: org.opencontainers.image.created=2025-12-10T12:25:05.222Z
org.opencontainers.image.description=测试https://cstv.dsjbot.top ​体验https://daotv.zeabur.app
org.opencontainers.image.licenses=NOASSERTION
org.opencontainers.image.revision=747a67499672938876dee78de84a4de21b2276e5
org.opencontainers.image.source=https://github.com/dsybot/DaoTV
org.opencontainers.image.title=DaoTV
org.opencontainers.image.url=https://github.com/dsybot/DaoTV
org.opencontainers.image.version=latest
2025-12-10T12:25:05.2956238Z   DOCKER_METADATA_OUTPUT_ANNOTATIONS: manifest:org.opencontainers.image.created=2025-12-10T12:25:05.222Z
manifest:org.opencontainers.image.description=测试https://cstv.dsjbot.top ​体验https://daotv.zeabur.app
manifest:org.opencontainers.image.licenses=NOASSERTION
manifest:org.opencontainers.image.revision=747a67499672938876dee78de84a4de21b2276e5
manifest:org.opencontainers.image.source=https://github.com/dsybot/DaoTV
manifest:org.opencontainers.image.title=DaoTV
manifest:org.opencontainers.image.url=https://github.com/dsybot/DaoTV
manifest:org.opencontainers.image.version=latest
2025-12-10T12:25:05.2962082Z   DOCKER_METADATA_OUTPUT_JSON: {"tags":["ghcr.io/dsybot/lunatv:latest"],"tag-names":["latest"],"labels":{"org.opencontainers.image.created":"2025-12-10T12:25:05.222Z","org.opencontainers.image.description":"测试https://cstv.dsjbot.top ​体验https://daotv.zeabur.app","org.opencontainers.image.licenses":"NOASSERTION","org.opencontainers.image.revision":"747a67499672938876dee78de84a4de21b2276e5","org.opencontainers.image.source":"https://github.com/dsybot/DaoTV","org.opencontainers.image.title":"DaoTV","org.opencontainers.image.url":"https://github.com/dsybot/DaoTV","org.opencontainers.image.version":"latest"},"annotations":["manifest:org.opencontainers.image.created=2025-12-10T12:25:05.222Z","manifest:org.opencontainers.image.description=测试https://cstv.dsjbot.top ​体验https://daotv.zeabur.app","manifest:org.opencontainers.image.licenses=NOASSERTION","manifest:org.opencontainers.image.revision=747a67499672938876dee78de84a4de21b2276e5","manifest:org.opencontainers.image.source=https://github.com/dsybot/DaoTV","manifest:org.opencontainers.image.title=DaoTV","manifest:org.opencontainers.image.url=https://github.com/dsybot/DaoTV","manifest:org.opencontainers.image.version=latest"]}
2025-12-10T12:25:05.2966669Z   DOCKER_METADATA_OUTPUT_BAKE_FILE_TAGS: /home/runner/work/_temp/docker-actions-toolkit-nbr0Kn/docker-metadata-action-bake-tags.json
2025-12-10T12:25:05.2967772Z   DOCKER_METADATA_OUTPUT_BAKE_FILE_LABELS: /home/runner/work/_temp/docker-actions-toolkit-nbr0Kn/docker-metadata-action-bake-labels.json
2025-12-10T12:25:05.2968692Z   DOCKER_METADATA_OUTPUT_BAKE_FILE_ANNOTATIONS: /home/runner/work/_temp/docker-actions-toolkit-nbr0Kn/docker-metadata-action-bake-annotations.json
2025-12-10T12:25:05.2969563Z   DOCKER_METADATA_OUTPUT_BAKE_FILE: /home/runner/work/_temp/docker-actions-toolkit-nbr0Kn/docker-metadata-action-bake.json
2025-12-10T12:25:05.2970073Z ##[endgroup]
2025-12-10T12:25:05.5193393Z ##[group]GitHub Actions runtime token ACs
2025-12-10T12:25:05.5203385Z refs/heads/main: read/write
2025-12-10T12:25:05.5204449Z ##[endgroup]
2025-12-10T12:25:05.5204991Z ##[group]Docker info
2025-12-10T12:25:05.5243690Z [command]/usr/bin/docker version
2025-12-10T12:25:05.5425110Z Client: Docker Engine - Community
2025-12-10T12:25:05.5425599Z  Version:           28.0.4
2025-12-10T12:25:05.5425994Z  API version:       1.48
2025-12-10T12:25:05.5426373Z  Go version:        go1.23.7
2025-12-10T12:25:05.5426743Z  Git commit:        b8034c0
2025-12-10T12:25:05.5427164Z  Built:             Tue Mar 25 15:07:16 2025
2025-12-10T12:25:05.5427592Z  OS/Arch:           linux/amd64
2025-12-10T12:25:05.5428113Z  Context:           default
2025-12-10T12:25:05.5428552Z 
2025-12-10T12:25:05.5428738Z Server: Docker Engine - Community
2025-12-10T12:25:05.5429016Z  Engine:
2025-12-10T12:25:05.5429197Z   Version:          28.0.4
2025-12-10T12:25:05.5429438Z   API version:      1.48 (minimum version 1.24)
2025-12-10T12:25:05.5430328Z   Go version:       go1.23.7
2025-12-10T12:25:05.5430649Z   Git commit:       6430e49
2025-12-10T12:25:05.5430973Z   Built:            Tue Mar 25 15:07:16 2025
2025-12-10T12:25:05.5431352Z   OS/Arch:          linux/amd64
2025-12-10T12:25:05.5431695Z   Experimental:     false
2025-12-10T12:25:05.5432008Z  containerd:
2025-12-10T12:25:05.5432274Z   Version:          v2.1.5
2025-12-10T12:25:05.5432675Z   GitCommit:        fcd43222d6b07379a4be9786bda52438f0dd16a1
2025-12-10T12:25:05.5433525Z  runc:
2025-12-10T12:25:05.5433721Z   Version:          1.3.3
2025-12-10T12:25:05.5433936Z   GitCommit:        v1.3.3-0-gd842d771
2025-12-10T12:25:05.5434192Z  docker-init:
2025-12-10T12:25:05.5434372Z   Version:          0.19.0
2025-12-10T12:25:05.5434568Z   GitCommit:        de40ad0
2025-12-10T12:25:05.5474541Z [command]/usr/bin/docker info
2025-12-10T12:25:05.6022603Z Client: Docker Engine - Community
2025-12-10T12:25:05.6023267Z  Version:    28.0.4
2025-12-10T12:25:05.6023594Z  Context:    default
2025-12-10T12:25:05.6023937Z  Debug Mode: false
2025-12-10T12:25:05.6024228Z  Plugins:
2025-12-10T12:25:05.6024552Z   buildx: Docker Buildx (Docker Inc.)
2025-12-10T12:25:05.6025054Z     Version:  v0.30.1
2025-12-10T12:25:05.6025469Z     Path:     /usr/libexec/docker/cli-plugins/docker-buildx
2025-12-10T12:25:05.6025936Z   compose: Docker Compose (Docker Inc.)
2025-12-10T12:25:05.6026200Z     Version:  v2.38.2
2025-12-10T12:25:05.6026456Z     Path:     /usr/libexec/docker/cli-plugins/docker-compose
2025-12-10T12:25:05.6026692Z 
2025-12-10T12:25:05.6026758Z Server:
2025-12-10T12:25:05.6026936Z  Containers: 1
2025-12-10T12:25:05.6027117Z   Running: 1
2025-12-10T12:25:05.6027287Z   Paused: 0
2025-12-10T12:25:05.6027453Z   Stopped: 0
2025-12-10T12:25:05.6027621Z  Images: 1
2025-12-10T12:25:05.6027786Z  Server Version: 28.0.4
2025-12-10T12:25:05.6027995Z  Storage Driver: overlay2
2025-12-10T12:25:05.6028205Z   Backing Filesystem: extfs
2025-12-10T12:25:05.6028425Z   Supports d_type: true
2025-12-10T12:25:05.6028627Z   Using metacopy: false
2025-12-10T12:25:05.6028833Z   Native Overlay Diff: false
2025-12-10T12:25:05.6029040Z   userxattr: false
2025-12-10T12:25:05.6029233Z  Logging Driver: json-file
2025-12-10T12:25:05.6029436Z  Cgroup Driver: systemd
2025-12-10T12:25:05.6029631Z  Cgroup Version: 2
2025-12-10T12:25:05.6029802Z  Plugins:
2025-12-10T12:25:05.6029961Z   Volume: local
2025-12-10T12:25:05.6030188Z   Network: bridge host ipvlan macvlan null overlay
2025-12-10T12:25:05.6030579Z   Log: awslogs fluentd gcplogs gelf journald json-file local splunk syslog
2025-12-10T12:25:05.6031315Z  Swarm: inactive
2025-12-10T12:25:05.6031528Z  Runtimes: runc io.containerd.runc.v2
2025-12-10T12:25:05.6031773Z  Default Runtime: runc
2025-12-10T12:25:05.6031974Z  Init Binary: docker-init
2025-12-10T12:25:05.6032257Z  containerd version: fcd43222d6b07379a4be9786bda52438f0dd16a1
2025-12-10T12:25:05.6032571Z  runc version: v1.3.3-0-gd842d771
2025-12-10T12:25:05.6032798Z  init version: de40ad0
2025-12-10T12:25:05.6033201Z  Security Options:
2025-12-10T12:25:05.6033404Z   apparmor
2025-12-10T12:25:05.6033570Z   seccomp
2025-12-10T12:25:05.6033729Z    Profile: builtin
2025-12-10T12:25:05.6033904Z   cgroupns
2025-12-10T12:25:05.6034077Z  Kernel Version: 6.11.0-1018-azure
2025-12-10T12:25:05.6034316Z  Operating System: Ubuntu 24.04.3 LTS
2025-12-10T12:25:05.6034542Z  OSType: linux
2025-12-10T12:25:05.6034720Z  Architecture: x86_64
2025-12-10T12:25:05.6034901Z  CPUs: 4
2025-12-10T12:25:05.6035073Z  Total Memory: 15.62GiB
2025-12-10T12:25:05.6035358Z  Name: runnervmoqczp
2025-12-10T12:25:05.6035719Z  ID: 4ce6fa60-2f23-4ac2-b56a-0440c85af90a
2025-12-10T12:25:05.6035987Z  Docker Root Dir: /var/lib/docker
2025-12-10T12:25:05.6036203Z  Debug Mode: false
2025-12-10T12:25:05.6036392Z  Username: githubactions
2025-12-10T12:25:05.6036592Z  Experimental: false
2025-12-10T12:25:05.6036788Z  Insecure Registries:
2025-12-10T12:25:05.6036985Z   ::1/128
2025-12-10T12:25:05.6037141Z   127.0.0.0/8
2025-12-10T12:25:05.6037315Z  Live Restore Enabled: false
2025-12-10T12:25:05.6037638Z 
2025-12-10T12:25:05.6040149Z ##[endgroup]
2025-12-10T12:25:05.6040503Z ##[group]Proxy configuration
2025-12-10T12:25:05.6044269Z No proxy configuration found
2025-12-10T12:25:05.6044670Z ##[endgroup]
2025-12-10T12:25:05.6576838Z ##[group]Buildx version
2025-12-10T12:25:05.6602575Z [command]/usr/bin/docker buildx version
2025-12-10T12:25:05.7051260Z github.com/docker/buildx v0.30.1 9e66234aa13328a5e75b75aa5574e1ca6d6d9c01
2025-12-10T12:25:05.7085222Z ##[endgroup]
2025-12-10T12:25:05.7085824Z ##[group]Builder info
2025-12-10T12:25:05.7939455Z {
2025-12-10T12:25:05.7939820Z   "nodes": [
2025-12-10T12:25:05.7940127Z     {
2025-12-10T12:25:05.7940549Z       "name": "builder-22f41ac4-bac8-4255-9ea1-6039bf818da50",
2025-12-10T12:25:05.7941098Z       "endpoint": "unix:///var/run/docker.sock",
2025-12-10T12:25:05.7941564Z       "status": "running",
2025-12-10T12:25:05.7942129Z       "buildkitd-flags": "--allow-insecure-entitlement security.insecure --allow-insecure-entitlement network.host",
2025-12-10T12:25:05.7942642Z       "buildkit": "v0.26.2",
2025-12-10T12:25:05.7943121Z       "platforms": "linux/amd64,linux/amd64/v2,linux/amd64/v3,linux/386",
2025-12-10T12:25:05.7943533Z       "features": {
2025-12-10T12:25:05.7943822Z         "Automatically load images to the Docker Engine image store": true,
2025-12-10T12:25:05.7944154Z         "Cache export": true,
2025-12-10T12:25:05.7944372Z         "Direct push": true,
2025-12-10T12:25:05.7944585Z         "Docker exporter": true,
2025-12-10T12:25:05.7944814Z         "Multi-platform build": true,
2025-12-10T12:25:05.7945054Z         "OCI exporter": true
2025-12-10T12:25:05.7945251Z       },
2025-12-10T12:25:05.7945411Z       "labels": {
2025-12-10T12:25:05.7945643Z         "org.mobyproject.buildkit.worker.executor": "oci",
2025-12-10T12:25:05.7946010Z         "org.mobyproject.buildkit.worker.hostname": "7a569a072529",
2025-12-10T12:25:05.7946380Z         "org.mobyproject.buildkit.worker.network": "host",
2025-12-10T12:25:05.7946772Z         "org.mobyproject.buildkit.worker.oci.process-mode": "sandbox",
2025-12-10T12:25:05.7947187Z         "org.mobyproject.buildkit.worker.selinux.enabled": "false",
2025-12-10T12:25:05.7947593Z         "org.mobyproject.buildkit.worker.snapshotter": "overlayfs"
2025-12-10T12:25:05.7947891Z       },
2025-12-10T12:25:05.7948047Z       "gcPolicy": [
2025-12-10T12:25:05.7948227Z         {
2025-12-10T12:25:05.7948382Z           "all": false,
2025-12-10T12:25:05.7948571Z           "filter": [
2025-12-10T12:25:05.7948763Z             "type==source.local",
2025-12-10T12:25:05.7949279Z             "type==exec.cachemount",
2025-12-10T12:25:05.7949527Z             "type==source.git.checkout"
2025-12-10T12:25:05.7949756Z           ],
2025-12-10T12:25:05.7949927Z           "keepDuration": "48h0m0s"
2025-12-10T12:25:05.7950142Z         },
2025-12-10T12:25:05.7950298Z         {
2025-12-10T12:25:05.7950449Z           "all": false,
2025-12-10T12:25:05.7950650Z           "keepDuration": "1440h0m0s"
2025-12-10T12:25:05.7950862Z         },
2025-12-10T12:25:05.7951020Z         {
2025-12-10T12:25:05.7951172Z           "all": false
2025-12-10T12:25:05.7951349Z         },
2025-12-10T12:25:05.7951491Z         {
2025-12-10T12:25:05.7951647Z           "all": true
2025-12-10T12:25:05.7951815Z         }
2025-12-10T12:25:05.7951964Z       ]
2025-12-10T12:25:05.7952105Z     }
2025-12-10T12:25:05.7952252Z   ],
2025-12-10T12:25:05.7952456Z   "name": "builder-22f41ac4-bac8-4255-9ea1-6039bf818da5",
2025-12-10T12:25:05.7952752Z   "driver": "docker-container",
2025-12-10T12:25:05.7953214Z   "lastActivity": "2025-12-10T12:25:00.000Z"
2025-12-10T12:25:05.7953595Z }
2025-12-10T12:25:05.7954186Z ##[endgroup]
2025-12-10T12:25:05.9524637Z [command]/usr/bin/docker buildx build --file ./Dockerfile --iidfile /home/runner/work/_temp/docker-actions-toolkit-BzQNCg/build-iidfile-32399c4811.txt --label org.opencontainers.image.created=2025-12-10T12:25:05.222Z --label org.opencontainers.image.description=测试https://cstv.dsjbot.top ​体验https://daotv.zeabur.app --label org.opencontainers.image.licenses=NOASSERTION --label org.opencontainers.image.revision=747a67499672938876dee78de84a4de21b2276e5 --label org.opencontainers.image.source=https://github.com/dsybot/DaoTV --label org.opencontainers.image.title=DaoTV --label org.opencontainers.image.url=https://github.com/dsybot/DaoTV --label org.opencontainers.image.version=latest --output type=image,name=ghcr.io/dsybot/lunatv,name-canonical=true,push=true --platform linux/amd64 --attest type=provenance,mode=max,builder-id=https://github.com/dsybot/DaoTV/actions/runs/20098521683 --tag ghcr.io/dsybot/lunatv:latest --metadata-file /home/runner/work/_temp/docker-actions-toolkit-BzQNCg/build-metadata-46a31a411d.json --no-cache --pull .
2025-12-10T12:25:06.2563719Z #0 building with "builder-22f41ac4-bac8-4255-9ea1-6039bf818da5" instance using docker-container driver
2025-12-10T12:25:06.2564425Z 
2025-12-10T12:25:06.2564636Z #1 [internal] load build definition from Dockerfile
2025-12-10T12:25:06.2565142Z #1 transferring dockerfile: 1.97kB done
2025-12-10T12:25:06.2565571Z #1 DONE 0.0s
2025-12-10T12:25:06.2565751Z 
2025-12-10T12:25:06.2565984Z #2 [auth] library/node:pull token for registry-1.docker.io
2025-12-10T12:25:06.2566472Z #2 DONE 0.0s
2025-12-10T12:25:06.2566641Z 
2025-12-10T12:25:06.2566894Z #3 [internal] load metadata for docker.io/library/node:20-alpine
2025-12-10T12:25:06.4244144Z #3 DONE 0.4s
2025-12-10T12:25:06.5668996Z 
2025-12-10T12:25:06.5670655Z #4 [internal] load .dockerignore
2025-12-10T12:25:06.5671145Z #4 transferring context: 56B done
2025-12-10T12:25:06.5671564Z #4 DONE 0.0s
2025-12-10T12:25:06.5671768Z 
2025-12-10T12:25:06.5672391Z #5 [deps 1/5] FROM docker.io/library/node:20-alpine@sha256:643e7036aa985317ebfee460005e322aa550c6b6883000d01daefb58689a58e2
2025-12-10T12:25:06.5673917Z #5 resolve docker.io/library/node:20-alpine@sha256:643e7036aa985317ebfee460005e322aa550c6b6883000d01daefb58689a58e2 done
2025-12-10T12:25:06.5680940Z #5 sha256:6ac8cc1f0b52065d2132d052abc59bf19e19ac0c65729d4300ab41db30fed855 446B / 446B 0.1s done
2025-12-10T12:25:06.6790859Z #5 sha256:34226f5414967f183a8ba2d2a0bf2809b3864182e8f68c07c066fa83f025024a 1.26MB / 1.26MB 0.1s done
2025-12-10T12:25:06.6801728Z #5 sha256:d28ab52fe4290429b930e8fa368da4da8a7e63cf143c38f9b869950a67c32645 6.29MB / 42.78MB 0.2s
2025-12-10T12:25:06.6805631Z #5 sha256:014e56e613968f73cce0858124ca5fbc601d7888099969a4eea69f31dcd71a53 3.86MB / 3.86MB 0.2s done
2025-12-10T12:25:06.6806751Z #5 extracting sha256:014e56e613968f73cce0858124ca5fbc601d7888099969a4eea69f31dcd71a53
2025-12-10T12:25:06.8929851Z #5 sha256:d28ab52fe4290429b930e8fa368da4da8a7e63cf143c38f9b869950a67c32645 42.78MB / 42.78MB 0.4s done
2025-12-10T12:25:06.8931233Z #5 extracting sha256:014e56e613968f73cce0858124ca5fbc601d7888099969a4eea69f31dcd71a53 0.1s done
2025-12-10T12:25:06.8939632Z #5 extracting sha256:d28ab52fe4290429b930e8fa368da4da8a7e63cf143c38f9b869950a67c32645
2025-12-10T12:25:07.1060256Z #5 ...
2025-12-10T12:25:07.1060905Z 
2025-12-10T12:25:07.1061465Z #6 [internal] load build context
2025-12-10T12:25:07.1062241Z #6 transferring context: 44.60MB 0.5s done
2025-12-10T12:25:07.1062689Z #6 DONE 0.5s
2025-12-10T12:25:07.2562762Z 
2025-12-10T12:25:07.2564731Z #5 [deps 1/5] FROM docker.io/library/node:20-alpine@sha256:643e7036aa985317ebfee460005e322aa550c6b6883000d01daefb58689a58e2
2025-12-10T12:25:07.7823242Z #5 extracting sha256:d28ab52fe4290429b930e8fa368da4da8a7e63cf143c38f9b869950a67c32645 0.9s done
2025-12-10T12:25:07.7824057Z #5 DONE 1.3s
2025-12-10T12:25:07.9615960Z 
2025-12-10T12:25:07.9616764Z #5 [deps 1/5] FROM docker.io/library/node:20-alpine@sha256:643e7036aa985317ebfee460005e322aa550c6b6883000d01daefb58689a58e2
2025-12-10T12:25:07.9617597Z #5 extracting sha256:34226f5414967f183a8ba2d2a0bf2809b3864182e8f68c07c066fa83f025024a 0.0s done
2025-12-10T12:25:07.9618257Z #5 extracting sha256:6ac8cc1f0b52065d2132d052abc59bf19e19ac0c65729d4300ab41db30fed855 done
2025-12-10T12:25:07.9618714Z #5 DONE 1.4s
2025-12-10T12:25:07.9618827Z 
2025-12-10T12:25:07.9619054Z #7 [deps 2/5] RUN corepack enable && corepack prepare pnpm@latest --activate
2025-12-10T12:25:08.0893317Z #7 ...
2025-12-10T12:25:08.0895618Z 
2025-12-10T12:25:08.0896360Z #8 [runner 2/8] RUN addgroup -g 1001 -S nodejs && adduser -u 1001 -S nextjs -G nodejs
2025-12-10T12:25:08.0899294Z #8 DONE 0.3s
2025-12-10T12:25:08.2491572Z 
2025-12-10T12:25:08.2491945Z #9 [runner 3/8] WORKDIR /app
2025-12-10T12:25:08.2492255Z #9 DONE 0.0s
2025-12-10T12:25:08.2492376Z 
2025-12-10T12:25:08.2492610Z #7 [deps 2/5] RUN corepack enable && corepack prepare pnpm@latest --activate
2025-12-10T12:25:08.3231162Z #7 0.512 Preparing pnpm@latest for immediate activation...
2025-12-10T12:25:09.2100621Z #7 DONE 1.4s
2025-12-10T12:25:09.3746363Z 
2025-12-10T12:25:09.3747785Z #10 [deps 3/5] WORKDIR /app
2025-12-10T12:25:09.3748227Z #10 DONE 0.0s
2025-12-10T12:25:09.3748414Z 
2025-12-10T12:25:09.3748626Z #11 [deps 4/5] COPY package.json pnpm-lock.yaml ./
2025-12-10T12:25:09.3749101Z #11 DONE 0.0s
2025-12-10T12:25:09.3749280Z 
2025-12-10T12:25:09.3749622Z #12 [deps 5/5] RUN pnpm store prune && pnpm install --frozen-lockfile --no-optional
2025-12-10T12:25:09.3750602Z #12 0.132 ! Corepack is about to download https://registry.npmjs.org/pnpm/-/pnpm-10.14.0.tgz
2025-12-10T12:25:10.7384735Z #12 1.495 Removed all cached metadata files
2025-12-10T12:25:10.8896171Z #12 1.496 Removed 0 files
2025-12-10T12:25:10.8896654Z #12 1.496 Removed 0 packages
2025-12-10T12:25:11.3360733Z #12 2.093 Lockfile is up to date, resolution step is skipped
2025-12-10T12:25:11.4648726Z #12 2.221 Progress: resolved 1, reused 0, downloaded 0, added 0
2025-12-10T12:25:11.6572393Z #12 2.414 Packages: +1169
2025-12-10T12:25:11.6578284Z #12 2.414 ++++++++++++++++++++++++++++++++++++++++++++++++++++++++++++++++++++++++++++++++
2025-12-10T12:25:11.9529401Z #12 2.710 
2025-12-10T12:25:11.9530524Z #12 2.710    ╭───────────────────────────────────────────────╮
2025-12-10T12:25:11.9531867Z #12 2.710    │                                               │
2025-12-10T12:25:11.9532847Z #12 2.710    │     Update available! 10.14.0 → 10.25.0.      │
2025-12-10T12:25:11.9534018Z #12 2.710    │     Changelog: https://pnpm.io/v/10.25.0      │
2025-12-10T12:25:11.9534674Z #12 2.710    │   To update, run: corepack use pnpm@10.25.0   │
2025-12-10T12:25:11.9535248Z #12 2.710    │                                               │
2025-12-10T12:25:11.9535842Z #12 2.710    ╰───────────────────────────────────────────────╯
2025-12-10T12:25:11.9536251Z #12 2.710 
2025-12-10T12:25:12.4676102Z #12 3.225 Progress: resolved 1169, reused 0, downloaded 49, added 20
2025-12-10T12:25:13.4693498Z #12 4.225 Progress: resolved 1169, reused 0, downloaded 145, added 67
2025-12-10T12:25:14.4679885Z #12 5.225 Progress: resolved 1169, reused 0, downloaded 380, added 353
2025-12-10T12:25:15.4734911Z #12 6.227 Progress: resolved 1169, reused 0, downloaded 558, added 475
2025-12-10T12:25:16.4823749Z #12 7.239 Progress: resolved 1169, reused 0, downloaded 772, added 759
2025-12-10T12:25:17.4825660Z #12 8.239 Progress: resolved 1169, reused 0, downloaded 1068, added 1062
2025-12-10T12:25:18.4824454Z #12 9.240 Progress: resolved 1169, reused 0, downloaded 1167, added 1168
2025-12-10T12:25:18.6919834Z #12 9.449 Progress: resolved 1169, reused 0, downloaded 1168, added 1169, done
2025-12-10T12:25:19.4026998Z #12 10.16 
2025-12-10T12:25:19.4027420Z #12 10.16 dependencies:
2025-12-10T12:25:19.4027794Z #12 10.16 + @dnd-kit/core 6.3.1
2025-12-10T12:25:19.4028189Z #12 10.16 + @dnd-kit/modifiers 9.0.0
2025-12-10T12:25:19.4028600Z #12 10.16 + @dnd-kit/sortable 10.0.0
2025-12-10T12:25:19.4028990Z #12 10.16 + @dnd-kit/utilities 3.2.2
2025-12-10T12:25:19.4029422Z #12 10.16 + @headlessui/react 2.2.4
2025-12-10T12:25:19.4029823Z #12 10.16 + @heroicons/react 2.2.0
2025-12-10T12:25:19.4030217Z #12 10.16 + @types/crypto-js 4.2.2
2025-12-10T12:25:19.4030610Z #12 10.16 + @upstash/redis 1.35.1
2025-12-10T12:25:19.4031023Z #12 10.16 + @vidstack/react 1.12.13
2025-12-10T12:25:19.4031411Z #12 10.16 + artplayer 5.3.0
2025-12-10T12:25:19.4031803Z #12 10.16 + artplayer-plugin-danmuku 5.2.0
2025-12-10T12:25:19.4032231Z #12 10.16 + bs58 6.0.0
2025-12-10T12:25:19.4033172Z #12 10.16 + clsx 2.1.1
2025-12-10T12:25:19.4033512Z #12 10.16 + crypto-js 4.2.0
2025-12-10T12:25:19.4033869Z #12 10.16 + framer-motion 12.18.1
2025-12-10T12:25:19.4034257Z #12 10.16 + he 1.2.0
2025-12-10T12:25:19.4034555Z #12 10.16 + hls.js 1.6.15
2025-12-10T12:25:19.4034895Z #12 10.16 + lucide-react 0.438.0
2025-12-10T12:25:19.4035256Z #12 10.16 + media-icons 1.1.5
2025-12-10T12:25:19.4035605Z #12 10.16 + next 14.2.30
2025-12-10T12:25:19.4035944Z #12 10.16 + next-pwa 5.6.0
2025-12-10T12:25:19.4036295Z #12 10.16 + next-themes 0.4.6
2025-12-10T12:25:19.4036640Z #12 10.16 + react 18.3.1
2025-12-10T12:25:19.4036958Z #12 10.16 + react-dom 18.3.1
2025-12-10T12:25:19.4037312Z #12 10.16 + react-icons 5.5.0
2025-12-10T12:25:19.4037675Z #12 10.16 + react-window 2.2.3
2025-12-10T12:25:19.4038017Z #12 10.16 + react-window-infinite-loader 1.0.10
2025-12-10T12:25:19.4038475Z #12 10.16 + redis 4.7.1
2025-12-10T12:25:19.4038810Z #12 10.16 + swiper 11.2.8
2025-12-10T12:25:19.4039164Z #12 10.16 + tailwind-merge 2.6.0
2025-12-10T12:25:19.4039539Z #12 10.16 + vidstack 0.6.15
2025-12-10T12:25:19.4039864Z #12 10.16 + zod 3.25.67
2025-12-10T12:25:19.4040150Z #12 10.16 
2025-12-10T12:25:19.4040452Z #12 10.16 optionalDependencies: skipped
2025-12-10T12:25:19.4040825Z #12 10.16 
2025-12-10T12:25:19.4041100Z #12 10.16 devDependencies:
2025-12-10T12:25:19.4041435Z #12 10.16 + @commitlint/cli 16.3.0
2025-12-10T12:25:19.4041853Z #12 10.16 + @commitlint/config-conventional 16.2.4
2025-12-10T12:25:19.4042280Z #12 10.16 + @svgr/webpack 8.1.0
2025-12-10T12:25:19.4042648Z #12 10.16 + @tailwindcss/forms 0.5.10
2025-12-10T12:25:19.4043232Z #12 10.16 + @testing-library/jest-dom 5.17.0
2025-12-10T12:25:19.4043788Z #12 10.16 + @testing-library/react 15.0.7
2025-12-10T12:25:19.4044210Z #12 10.16 + @types/bs58 5.0.0
2025-12-10T12:25:19.4044551Z #12 10.16 + @types/he 1.2.3
2025-12-10T12:25:19.4044887Z #12 10.16 + @types/node 24.0.3
2025-12-10T12:25:19.4045244Z #12 10.16 + @types/react 18.3.23
2025-12-10T12:25:19.4045621Z #12 10.16 + @types/react-dom 19.1.6
2025-12-10T12:25:19.4046018Z #12 10.16 + @types/react-window 1.8.8
2025-12-10T12:25:19.4046462Z #12 10.16 + @types/react-window-infinite-loader 1.0.9
2025-12-10T12:25:19.4046972Z #12 10.16 + @types/testing-library__jest-dom 5.14.9
2025-12-10T12:25:19.4047468Z #12 10.16 + @typescript-eslint/eslint-plugin 5.62.0
2025-12-10T12:25:19.4047954Z #12 10.16 + @typescript-eslint/parser 5.62.0
2025-12-10T12:25:19.4048379Z #12 10.16 + autoprefixer 10.4.21
2025-12-10T12:25:19.4048746Z #12 10.16 + eslint 8.57.1
2025-12-10T12:25:19.4049390Z #12 10.16 + eslint-config-next 14.2.30
2025-12-10T12:25:19.4049862Z #12 10.16 + eslint-config-prettier 8.10.0
2025-12-10T12:25:19.4050356Z #12 10.16 + eslint-plugin-simple-import-sort 7.0.0
2025-12-10T12:25:19.4050876Z #12 10.16 + eslint-plugin-unused-imports 2.0.0
2025-12-10T12:25:19.4051335Z #12 10.16 + husky 7.0.4
2025-12-10T12:25:19.4051647Z #12 10.16 + jest 27.5.1
2025-12-10T12:25:19.4051987Z #12 10.16 + lint-staged 12.5.0
2025-12-10T12:25:19.4052366Z #12 10.16 + next-router-mock 0.9.13
2025-12-10T12:25:19.4052768Z #12 10.16 + postcss 8.5.6
2025-12-10T12:25:19.4053275Z #12 10.16 + prettier 2.8.8
2025-12-10T12:25:19.4053669Z #12 10.16 + prettier-plugin-tailwindcss 0.5.14
2025-12-10T12:25:19.4054120Z #12 10.16 + tailwindcss 3.4.17
2025-12-10T12:25:19.4054485Z #12 10.16 + typescript 4.9.5
2025-12-10T12:25:19.4054864Z #12 10.16 + webpack-obfuscator 3.5.1
2025-12-10T12:25:19.4055186Z #12 10.16 
2025-12-10T12:25:19.4055879Z #12 10.16 ╭ Warning ─────────────────────────────────────────────────────────────────────╮
2025-12-10T12:25:19.4056303Z #12 10.16 │                                                                              │
2025-12-10T12:25:19.4056893Z #12 10.16 │   Ignored build scripts: javascript-obfuscator, unrs-resolver.               │
2025-12-10T12:25:19.4057557Z #12 10.16 │   Run "pnpm approve-builds" to pick which dependencies should be allowed     │
2025-12-10T12:25:19.4058058Z #12 10.16 │   to run scripts.                                                            │
2025-12-10T12:25:19.4058760Z #12 10.16 │                                                                              │
2025-12-10T12:25:19.4059352Z #12 10.16 ╰──────────────────────────────────────────────────────────────────────────────╯
2025-12-10T12:25:19.4059661Z #12 10.16 
2025-12-10T12:25:19.5390185Z #12 10.18 
2025-12-10T12:25:19.5412134Z #12 10.18 > moontv@5.7.0 prepare /app
2025-12-10T12:25:19.5412731Z #12 10.18 > husky install
2025-12-10T12:25:19.5413252Z #12 10.18 
2025-12-10T12:25:19.5453324Z #12 10.26 Done in 8.5s using pnpm v10.14.0
2025-12-10T12:25:19.5453894Z #12 DONE 10.3s
2025-12-10T12:25:23.7054138Z 
2025-12-10T12:25:23.7055226Z #13 [builder 5/8] COPY --from=deps /app/node_modules ./node_modules
2025-12-10T12:25:32.1523888Z #13 DONE 8.4s
2025-12-10T12:25:32.3028650Z 
2025-12-10T12:25:32.3029549Z #14 [builder 6/8] RUN pnpm install --frozen-lockfile --offline || pnpm install --frozen-lockfile
2025-12-10T12:25:32.7437770Z #14 0.591 ! Corepack is about to download https://registry.npmjs.org/pnpm/-/pnpm-10.14.0.tgz
2025-12-10T12:25:34.3618597Z #14 2.209 Lockfile is up to date, resolution step is skipped
2025-12-10T12:25:34.5005694Z #14 2.346 Progress: resolved 1, reused 0, downloaded 0, added 0
2025-12-10T12:25:34.6242907Z #14 2.471 Packages: +5
2025-12-10T12:25:34.6248017Z #14 2.471 +++++
2025-12-10T12:25:34.8364618Z #14 2.533 Progress: resolved 5, reused 0, downloaded 0, added 0, done
2025-12-10T12:25:35.1202931Z #14 2.967 
2025-12-10T12:25:35.1204190Z #14 2.967 ╭ Warning ─────────────────────────────────────────────────────────────────────╮
2025-12-10T12:25:35.1204923Z #14 2.967 │                                                                              │
2025-12-10T12:25:35.1209222Z #14 2.967 │   Ignored build scripts: javascript-obfuscator, unrs-resolver.               │
2025-12-10T12:25:35.1211167Z #14 2.967 │   Run "pnpm approve-builds" to pick which dependencies should be allowed     │
2025-12-10T12:25:35.1212052Z #14 2.967 │   to run scripts.                                                            │
2025-12-10T12:25:35.1212755Z #14 2.967 │                                                                              │
2025-12-10T12:25:35.1213615Z #14 2.967 ╰──────────────────────────────────────────────────────────────────────────────╯
2025-12-10T12:25:35.1214092Z #14 2.967 
2025-12-10T12:25:35.3395161Z #14 2.987 
2025-12-10T12:25:35.3395910Z #14 2.987 > moontv@5.7.0 prepare /app
2025-12-10T12:25:35.3396592Z #14 2.987 > husky install
2025-12-10T12:25:35.3397169Z #14 2.987 
2025-12-10T12:25:35.3398190Z #14 3.036 Done in 1.3s using pnpm v10.14.0
2025-12-10T12:25:35.6667317Z #14 DONE 3.5s
2025-12-10T12:25:35.7938552Z 
2025-12-10T12:25:35.7939433Z #15 [builder 7/8] COPY . .
2025-12-10T12:25:35.7939856Z #15 DONE 0.1s
2025-12-10T12:25:35.9450630Z 
2025-12-10T12:25:35.9451297Z #16 [builder 8/8] RUN pnpm run build
2025-12-10T12:25:36.2009655Z #16 0.406 
2025-12-10T12:25:36.2010042Z #16 0.406 > moontv@5.7.0 build /app
2025-12-10T12:25:36.2010508Z #16 0.406 > pnpm gen:manifest && next build
2025-12-10T12:25:36.2010969Z #16 0.406 
2025-12-10T12:25:36.5458913Z #16 0.751 
2025-12-10T12:25:36.5459329Z #16 0.751 > moontv@5.7.0 gen:manifest /app
2025-12-10T12:25:36.5459873Z #16 0.751 > node scripts/generate-manifest.js
2025-12-10T12:25:36.5460327Z #16 0.751 
2025-12-10T12:25:36.7292830Z #16 0.784 ✅ Generated manifest.json with site name: MoonTV
2025-12-10T12:25:37.8578339Z #16 2.063  ⚠ Disabling SWC Minifer will not be an option in the next major version. Please report any issues you may be experiencing to https://github.com/vercel/next.js/issues
2025-12-10T12:25:38.0627154Z #16 2.070 Attention: Next.js now collects completely anonymous telemetry regarding usage.
2025-12-10T12:25:38.0628244Z #16 2.070 This information is used to shape Next.js' roadmap and prioritize features.
2025-12-10T12:25:38.0629430Z #16 2.070 You can learn more, including how to opt-out if you'd not like to participate in this anonymous program, by visiting the following URL:
2025-12-10T12:25:38.0630743Z #16 2.070 https://nextjs.org/telemetry
2025-12-10T12:25:38.0631005Z #16 2.070 
2025-12-10T12:25:38.0631524Z #16 2.149   ▲ Next.js 14.2.30
2025-12-10T12:25:38.0631782Z #16 2.149   - Experiments (use with caution):
2025-12-10T12:25:38.0632148Z #16 2.149     · instrumentationHook
2025-12-10T12:25:38.0632463Z #16 2.150 
2025-12-10T12:25:38.0632682Z #16 2.268    Creating an optimized production build ...
2025-12-10T12:25:38.2707594Z #16 2.325    Downloading swc package @next/swc-linux-x64-gnu...
2025-12-10T12:25:39.8476548Z #16 4.053    Downloading swc package @next/swc-linux-x64-musl...
2025-12-10T12:25:42.3636081Z #16 6.569 > [PWA] Compile server
2025-12-10T12:25:42.5184850Z #16 6.571 > [PWA] Compile server
2025-12-10T12:25:42.5185388Z #16 6.573 > [PWA] Compile client (static)
2025-12-10T12:25:42.5186806Z #16 6.573 > [PWA] Auto register service worker with: /app/node_modules/.pnpm/next-pwa@5.6.0_@babel+core@7.27.4_@types+babel__core@7.20.5_next@14.2.30_@babel+core@7._81f72fe58ef69b3dc8754870a4ea48e6/node_modules/next-pwa/register.js
2025-12-10T12:25:42.5188344Z #16 6.573 > [PWA] Service worker: /app/public/sw.js
2025-12-10T12:25:42.5188853Z #16 6.573 > [PWA]   url: /sw.js
2025-12-10T12:25:42.5189308Z #16 6.573 > [PWA]   scope: /
2025-12-10T12:26:13.4097095Z #16 37.62 Browserslist: browsers data (caniuse-lite) is 7 months old. Please run:
2025-12-10T12:26:13.4098101Z #16 37.62   npx update-browserslist-db@latest
2025-12-10T12:26:13.4098819Z #16 37.62   Why you should do it regularly: https://github.com/browserslist/update-db#readme
2025-12-10T12:26:26.6761192Z #16 50.88 Browserslist: caniuse-lite is outdated. Please run:
2025-12-10T12:26:26.6761977Z #16 50.88   npx update-browserslist-db@latest
2025-12-10T12:26:26.6762721Z #16 50.88   Why you should do it regularly: https://github.com/browserslist/update-db#readme
2025-12-10T12:26:33.6497645Z #16 57.85  ✓ Compiled successfully
2025-12-10T12:26:33.8019222Z #16 57.86    Skipping linting
2025-12-10T12:26:33.8019696Z #16 57.86    Checking validity of types ...
2025-12-10T12:26:59.9488148Z #16 84.15 Failed to compile.
2025-12-10T12:26:59.9489044Z #16 84.15 
2025-12-10T12:27:00.0954889Z #16 84.15 ./src/app/api/admin/shortdrama/route.ts:63:14
2025-12-10T12:27:00.0955674Z #16 84.15 Type error: Property 'setAdminConfig' does not exist on type 'DbManager'. Did you mean 'getAdminConfig'?
2025-12-10T12:27:00.0956177Z #16 84.15 
2025-12-10T12:27:00.0956692Z #16 84.15 [0m [90m 61 |[39m[0m
2025-12-10T12:27:00.0957134Z #16 84.15 [0m [90m 62 |[39m     [90m// 保存配置[39m[0m
2025-12-10T12:27:00.0958602Z #16 84.15 [0m[31m[1m>[22m[39m[90m 63 |[39m     [36mawait[39m db[33m.[39msetAdminConfig(config)[33m;[39m[0m
2025-12-10T12:27:00.0959324Z #16 84.15 [0m [90m    |[39m              [31m[1m^[22m[39m[0m
2025-12-10T12:27:00.0959705Z #16 84.15 [0m [90m 64 |[39m     clearConfigCache()[33m;[39m[0m
2025-12-10T12:27:00.0960038Z #16 84.15 [0m [90m 65 |[39m[0m
2025-12-10T12:27:00.0960897Z #16 84.15 [0m [90m 66 |[39m     [36mreturn[39m [33mNextResponse[39m[33m.[39mjson({ success[33m:[39m [36mtrue[39m[33m,[39m config[33m:[39m config[33m.[39m[33mShortDramaConfig[39m })[33m;[39m[0m
2025-12-10T12:27:00.0961728Z #16 84.23 Next.js build worker exited with code: 1 and signal: null
2025-12-10T12:27:00.0962193Z #16 84.30  ELIFECYCLE  Command failed with exit code 1.
2025-12-10T12:27:00.2095963Z #16 ERROR: process "/bin/sh -c pnpm run build" did not complete successfully: exit code: 1
2025-12-10T12:27:00.2096720Z ------
2025-12-10T12:27:00.2097044Z  > [builder 8/8] RUN pnpm run build:
2025-12-10T12:27:00.2097530Z 84.15 
2025-12-10T12:27:00.2098101Z 84.15 [0m [90m 61 |[39m[0m
2025-12-10T12:27:00.2098673Z 84.15 [0m [90m 62 |[39m     [90m// 保存配置[39m[0m
2025-12-10T12:27:00.2099606Z 84.15 [0m[31m[1m>[22m[39m[90m 63 |[39m     [36mawait[39m db[33m.[39msetAdminConfig(config)[33m;[39m[0m
2025-12-10T12:27:00.2100524Z 84.15 [0m [90m    |[39m              [31m[1m^[22m[39m[0m
2025-12-10T12:27:00.2101254Z 84.15 [0m [90m 64 |[39m     clearConfigCache()[33m;[39m[0m
2025-12-10T12:27:00.2102232Z 84.15 [0m [90m 65 |[39m[0m
2025-12-10T12:27:00.2103787Z 84.15 [0m [90m 66 |[39m     [36mreturn[39m [33mNextResponse[39m[33m.[39mjson({ success[33m:[39m [36mtrue[39m[33m,[39m config[33m:[39m config[33m.[39m[33mShortDramaConfig[39m })[33m;[39m[0m
2025-12-10T12:27:00.2105100Z 84.23 Next.js build worker exited with code: 1 and signal: null
2025-12-10T12:27:00.2106057Z 84.30  ELIFECYCLE  Command failed with exit code 1.
2025-12-10T12:27:00.2106604Z ------
2025-12-10T12:27:00.2109030Z Dockerfile:33
2025-12-10T12:27:00.2109330Z --------------------
2025-12-10T12:27:00.2109620Z   31 |     
2025-12-10T12:27:00.2109991Z   32 |     # 生成生产构建
2025-12-10T12:27:00.2110284Z   33 | >>> RUN pnpm run build
2025-12-10T12:27:00.2110583Z   34 |     
2025-12-10T12:27:00.2110860Z   35 |     # ---- 第 3 阶段：生成运行时镜像 ----
2025-12-10T12:27:00.2111095Z --------------------
2025-12-10T12:27:00.2111742Z ERROR: failed to build: failed to solve: process "/bin/sh -c pnpm run build" did not complete successfully: exit code: 1
2025-12-10T12:27:00.2224926Z ##[error]buildx failed with: ERROR: failed to build: failed to solve: process "/bin/sh -c pnpm run build" did not complete successfully: exit code: 1
2025-12-10T12:27:00.2343983Z Post job cleanup.
2025-12-10T12:27:00.4524902Z ##[group]Removing temp folder /home/runner/work/_temp/docker-actions-toolkit-BzQNCg
2025-12-10T12:27:00.4533856Z ##[endgroup]
2025-12-10T12:27:00.4534395Z ##[group]Post cache
2025-12-10T12:27:00.4535930Z State not set
2025-12-10T12:27:00.4536736Z ##[endgroup]
2025-12-10T12:27:00.4640577Z Post job cleanup.
2025-12-10T12:27:00.7642013Z [command]/usr/bin/docker logout ghcr.io
2025-12-10T12:27:00.7775698Z Removing login credentials for ghcr.io
2025-12-10T12:27:00.7808923Z ##[group]Post cache
2025-12-10T12:27:00.7810346Z State not set
2025-12-10T12:27:00.7811502Z ##[endgroup]
2025-12-10T12:27:00.7954403Z Post job cleanup.
2025-12-10T12:27:01.0711224Z ##[group]Removing builder
2025-12-10T12:27:01.1915748Z [command]/usr/bin/docker buildx rm builder-22f41ac4-bac8-4255-9ea1-6039bf818da5
2025-12-10T12:27:05.8371897Z builder-22f41ac4-bac8-4255-9ea1-6039bf818da5 removed
2025-12-10T12:27:05.8407108Z ##[endgroup]
2025-12-10T12:27:05.8408557Z ##[group]Cleaning up certificates
2025-12-10T12:27:05.8443185Z ##[endgroup]
2025-12-10T12:27:05.8443731Z ##[group]Post cache
2025-12-10T12:27:05.8444065Z State not set
2025-12-10T12:27:05.8444549Z ##[endgroup]
2025-12-10T12:27:05.8561138Z Post job cleanup.
2025-12-10T12:27:05.9491635Z [command]/usr/bin/git version
2025-12-10T12:27:05.9532261Z git version 2.52.0
2025-12-10T12:27:05.9576339Z Temporarily overriding HOME='/home/runner/work/_temp/a8203404-4dd0-4851-a00b-723820280da4' before making global git config changes
2025-12-10T12:27:05.9577597Z Adding repository directory to the temporary git global config as a safe directory
2025-12-10T12:27:05.9589286Z [command]/usr/bin/git config --global --add safe.directory /home/runner/work/DaoTV/DaoTV
2025-12-10T12:27:05.9623421Z [command]/usr/bin/git config --local --name-only --get-regexp core\.sshCommand
2025-12-10T12:27:05.9655621Z [command]/usr/bin/git submodule foreach --recursive sh -c "git config --local --name-only --get-regexp 'core\.sshCommand' && git config --local --unset-all 'core.sshCommand' || :"
2025-12-10T12:27:05.9887694Z [command]/usr/bin/git config --local --name-only --get-regexp http\.https\:\/\/github\.com\/\.extraheader
2025-12-10T12:27:05.9908016Z http.https://github.com/.extraheader
2025-12-10T12:27:05.9920872Z [command]/usr/bin/git config --local --unset-all http.https://github.com/.extraheader
2025-12-10T12:27:05.9951341Z [command]/usr/bin/git submodule foreach --recursive sh -c "git config --local --name-only --get-regexp 'http\.https\:\/\/github\.com\/\.extraheader' && git config --local --unset-all 'http.https://github.com/.extraheader' || :"
2025-12-10T12:27:06.0166552Z [command]/usr/bin/git config --local --name-only --get-regexp ^includeIf\.gitdir:
2025-12-10T12:27:06.0196888Z [command]/usr/bin/git submodule foreach --recursive git config --local --show-origin --name-only --get-regexp remote.origin.url
2025-12-10T12:27:06.0515980Z Cleaning up orphan processes
